[kushal@fedora mytimelapse-2022-10-22]$ ff
ffmpeg   ffplay   ffprobe
[kushal@fedora mytimelapse-2022-10-22]$ ff
ffmpeg   ffplay   ffprobe
[kushal@fedora mytimelapse-2022-10-22]$ cd oc/
[kushal@fedora oc]$ time ffmpeg -r 60 -pattern_type glob -i "*.jpg" -vf scale=-2:2448 ../timelapse-2022-10-22.mkv
ffmpeg version 5.0.1 Copyright (c) 2000-2022 the FFmpeg developers
  built with gcc 12 (GCC)
  configuration: --prefix=/usr --bindir=/usr/bin --datadir=/usr/share/ffmpeg --docdir=/usr/share/doc/ffmpeg --incdir=/usr/include/ffmpeg --libdir=/usr/lib64 --mandir=/usr/share/man --arch=x86_64 --optflags='-O2 -flto=auto -ffat-lto-objects -fexceptions -g -grecord-gcc-switches -pipe -Wall -Werror=format-security -Wp,-D_FORTIFY_SOURCE=2 -Wp,-D_GLIBCXX_ASSERTIONS -specs=/usr/lib/rpm/redhat/redhat-hardened-cc1 -fstack-protector-strong -specs=/usr/lib/rpm/redhat/redhat-annobin-cc1 -m64 -mtune=generic -fasynchronous-unwind-tables -fstack-clash-protection -fcf-protection' --extra-ldflags='-Wl,-z,relro -Wl,--as-needed -Wl,-z,now -specs=/usr/lib/rpm/redhat/redhat-hardened-ld -specs=/usr/lib/rpm/redhat/redhat-annobin-cc1 -Wl,--build-id=sha1 -Wl,-dT,/builddir/build/BUILD/ffmpeg-5.0.1/.package_note-ffmpeg-5.0.1-12.fc36.x86_64.ld' --disable-htmlpages --enable-pic --disable-stripping --enable-shared --disable-static --enable-gpl --enable-version3 --enable-libsmbclient --disable-openssl --enable-bzlib --enable-frei0r --enable-chromaprint --enable-gcrypt --enable-gnutls --enable-ladspa --enable-libshaderc --enable-vulkan --disable-cuda-sdk --enable-libaom --enable-libass --enable-libbluray --enable-libbs2b --enable-libcdio --enable-libcodec2 --enable-libdav1d --enable-libdc1394 --enable-libdrm --enable-libfdk-aac --enable-libfontconfig --enable-libfreetype --enable-libfribidi --enable-libgsm --enable-libilbc --enable-libjack --enable-libmodplug --enable-libmp3lame --enable-libmysofa --enable-libopenh264-dlopen --enable-libopenjpeg --enable-libopenmpt --enable-libopus --enable-libpulse --enable-librav1e --enable-librsvg --enable-librubberband --enable-libsnappy --enable-libsvtav1 --enable-libsoxr --enable-libspeex --enable-libssh --enable-libsrt --enable-libtesseract --enable-libtheora --enable-libtwolame --enable-libvidstab --enable-libvmaf --enable-libvorbis --enable-libv4l2 --enable-libvpx --enable-libwebp --enable-libxml2 --enable-libzimg --enable-libzmq --enable-libzvbi --enable-lto --enable-libmfx --enable-vaapi --enable-vdpau --enable-openal --enable-opencl --enable-opengl --enable-pthreads --enable-vapoursynth --enable-muxers --enable-demuxers --enable-hwaccels --disable-encoders --disable-decoders --disable-decoder='mpeg4,h263,h264,hevc,vc1' --enable-encoder=',libfdk_aac,ac3,apng,ass,ayuv,bmp,ffv1,ffvhuff,flac,gif,h263_v4l2m2m,h264_amf,h264_nvenc,h264_qsv,h264_v4l2m2m,h264_vaapi,hevc_amf,hevc_nvenc,hevc_qsv,hevc_v4l2m2m,hevc_vaapi,huffyuv,ilbc,jpegls,jpeg2000,libaom,libaom_av1,libcodec2,libgsm,libilbc,libmp3lame,libopenh264,libopenjpeg,libopus,librav1e,libschroedinger,libspeex,libsvtav1,libtheora,libtwolame,libvorbis,libvpx_vp8,libvpx_vp9,libwebp,libwebp_anim,mjpeg,mjpeg_qsv,mjpeg_vaapi,mp2,mp2fixed,mpeg1video,mpeg2video,mpeg2_qsv,mpeg2_vaapi,mpeg4_v4l2m2m,opus,pam,pbm,pcm_alaw,pcm_f32be,pcm_f32le,pcm_f64be,pcm_f64le,pcm_mulaw,pcm_s16be,pcm_s16be_planar,pcm_s16le,pcm_s16le_planar,pcm_s24be,pcm_s24le,pcm_s24le_planar,pcm_s32be,pcm_s32le,pcm_s32le_planar,pcm_s8,pcm_s8_planar,pcm_u16be,pcm_u16le,pcm_u24be,pcm_u24le,pcm_u32be,pcm_u32le,pcm_u8,pcx,pgm,pgmyuv,png,ppm,rawvideo,sgi,srt,ssa,sunrast,targa,text,tiff,v210,v308,v408,v410,vc1_qsv,vc1_v4l2m2m,vorbis,vp8_qsv,vp8_v4l2m2m,vp8_vaapi,vp9_qsv,vp9_vaapi,webvtt,wrapped_avframe,xbm,xwd,y41p,yuv4,zlib,' --enable-decoder=',libfdk_aac,ac3,ansi,apng,ass,av1_qsv,ayuv,bmp,dirac,exr,ffv1,ffvhuff,ffwavesynth,flac,gif,gsm,huffyuv,ilbc,jpeg2000,libaom,libaom_av1,libcodec2,libdav1d,libgsm,libilbc,libopenh264,libopenjpeg,libopus,libschroedinger,libspeex,libvorbis,libvpx_vp8,libvpx_vp9,mjpeg,mjpeg_qsv,mp1,mp1float,mp2,mp2float,mp3,mp3float,mpeg1video,mpeg1_v4l2m2m,mpeg2video,mpeg2_qsv,mpeg2_v4l2m2m,opus,pam,pbm,pcm_alaw,pcm_bluray,pcm_dvd,pcm_f32be,pcm_f32le,pcm_f64be,pcm_f64le,pcm_mulaw,pcm_s16be,pcm_s16be_planar,pcm_s16le,pcm_s16le_planar,pcm_s24be,pcm_s24le,pcm_s24le_planar,pcm_s32be,pcm_s32le,pcm_s32le_planar,pcm_s8,pcm_s8_planar,pcm_u16be,pcm_u16le,pcm_u24be,pcm_u24le,pcm_u32be,pcm_u32le,pcm_u8,pcx,pgm,pgmyuv,pgssub,pgx,png,ppm,rawvideo,sgi,srt,ssa,sunrast,targa,text,theora,tiff,v210,v210x,v308,v408,v410,vorbis,vp3,vp5,vp6,vp6a,vp6f,vp8,vp8_qsv,vp8_v4l2m2m,vp9,vp9_qsv,vp9_v4l2m2m,webp,webvtt,wrapped_avframe,xbm,xwd,y41p,yuv4,zlib,'
  libavutil      57. 17.100 / 57. 17.100
  libavcodec     59. 18.100 / 59. 18.100
  libavformat    59. 16.100 / 59. 16.100
  libavdevice    59.  4.100 / 59.  4.100
  libavfilter     8. 24.100 /  8. 24.100
  libswscale      6.  4.100 /  6.  4.100
  libswresample   4.  3.100 /  4.  3.100
  libpostproc    56.  3.100 / 56.  3.100
Input #0, image2, from '*.jpg':
  Duration: 00:13:51.96, start: 0.000000, bitrate: N/A
  Stream #0:0: Video: mjpeg (Baseline), yuvj420p(pc, bt470bg/unknown/unknown), 3264x2448 [SAR 1:1 DAR 4:3], 25 fps, 25 tbr, 25 tbn
Stream mapping:
  Stream #0:0 -> #0:0 (mjpeg (native) -> vp9 (libvpx-vp9))
Press [q] to stop, [?] for help
[swscaler @ 0x563ff776d2c0] [swscaler @ 0x563ff777b900] deprecated pixel format used, make sure you did set range correctly
[swscaler @ 0x563ff776d2c0] [swscaler @ 0x563ff7988580] deprecated pixel format used, make sure you did set range correctly
[swscaler @ 0x563ff776d2c0] [swscaler @ 0x563ff79f9c40] deprecated pixel format used, make sure you did set range correctly
[swscaler @ 0x563ff776d2c0] [swscaler @ 0x563ff7a68cc0] deprecated pixel format used, make sure you did set range correctly
[swscaler @ 0x563ff776d2c0] [swscaler @ 0x563ff7ad7d40] deprecated pixel format used, make sure you did set range correctly
[swscaler @ 0x563ff776d2c0] [swscaler @ 0x563ff7b46dc0] deprecated pixel format used, make sure you did set range correctly
[swscaler @ 0x563ff776d2c0] [swscaler @ 0x563ff7bb5e40] deprecated pixel format used, make sure you did set range correctly
[swscaler @ 0x563ff776d2c0] [swscaler @ 0x563ff7c24ec0] deprecated pixel format used, make sure you did set range correctly
[swscaler @ 0x563ff776d2c0] [swscaler @ 0x563ff7c93f40] deprecated pixel format used, make sure you did set range correctly
[libvpx-vp9 @ 0x563ff7721f40] v1.11.0
[libvpx-vp9 @ 0x563ff7721f40] Neither bitrate nor constrained quality specified, using default CRF of 32
Output #0, matroska, to '../timelapse-2022-10-22.mkv':
  Metadata:
    encoder         : Lavf59.16.100
  Stream #0:0: Video: vp9 (VP90 / 0x30395056), yuv420p(tv, bt470bg/unknown/unknown, progressive), 3264x2448 [SAR 1:1 DAR 4:3], q=2-31, 60 fps, 1k tbn
    Metadata:
      encoder         : Lavc59.18.100 libvpx-vp9
    Side data:
      cpb: bitrate max/min/avg: 0/0/0 buffer size: 0 vbv_delay: N/A
frame=20799 fps=0.6 q=0.0 Lsize= 3655170kB time=00:05:46.63 bitrate=86382.6kbits/s speed=0.00961x
video:3654990kB audio:0kB subtitle:0kB other streams:0kB global headers:0kB muxing overhead: 0.004922%

real	600m54.516s
user	3353m6.172s
sys	4m56.419s
[kushal@fedora oc]$

[kushal@fedora mytimelapse-2022-10-22]$ cd oc/
[kushal@fedora oc]$ date; time ffmpeg -r 120 -pattern_type glob -i "*.jpg" -vf scale=-2:2448 ../timelapse-2022-10-24-120.mkv; date;
Wed Oct 26 09:21:30 PM EDT 2022
ffmpeg version 5.0.1 Copyright (c) 2000-2022 the FFmpeg developers
  built with gcc 12 (GCC)
  configuration: --prefix=/usr --bindir=/usr/bin --datadir=/usr/share/ffmpeg --docdir=/usr/share/doc/ffmpeg --incdir=/usr/include/ffmpeg --libdir=/usr/lib64 --mandir=/usr/share/man --arch=x86_64 --optflags='-O2 -flto=auto -ffat-lto-objects -fexceptions -g -grecord-gcc-switches -pipe -Wall -Werror=format-security -Wp,-D_FORTIFY_SOURCE=2 -Wp,-D_GLIBCXX_ASSERTIONS -specs=/usr/lib/rpm/redhat/redhat-hardened-cc1 -fstack-protector-strong -specs=/usr/lib/rpm/redhat/redhat-annobin-cc1 -m64 -mtune=generic -fasynchronous-unwind-tables -fstack-clash-protection -fcf-protection' --extra-ldflags='-Wl,-z,relro -Wl,--as-needed -Wl,-z,now -specs=/usr/lib/rpm/redhat/redhat-hardened-ld -specs=/usr/lib/rpm/redhat/redhat-annobin-cc1 -Wl,--build-id=sha1 -Wl,-dT,/builddir/build/BUILD/ffmpeg-5.0.1/.package_note-ffmpeg-5.0.1-12.fc36.x86_64.ld' --disable-htmlpages --enable-pic --disable-stripping --enable-shared --disable-static --enable-gpl --enable-version3 --enable-libsmbclient --disable-openssl --enable-bzlib --enable-frei0r --enable-chromaprint --enable-gcrypt --enable-gnutls --enable-ladspa --enable-libshaderc --enable-vulkan --disable-cuda-sdk --enable-libaom --enable-libass --enable-libbluray --enable-libbs2b --enable-libcdio --enable-libcodec2 --enable-libdav1d --enable-libdc1394 --enable-libdrm --enable-libfdk-aac --enable-libfontconfig --enable-libfreetype --enable-libfribidi --enable-libgsm --enable-libilbc --enable-libjack --enable-libmodplug --enable-libmp3lame --enable-libmysofa --enable-libopenh264-dlopen --enable-libopenjpeg --enable-libopenmpt --enable-libopus --enable-libpulse --enable-librav1e --enable-librsvg --enable-librubberband --enable-libsnappy --enable-libsvtav1 --enable-libsoxr --enable-libspeex --enable-libssh --enable-libsrt --enable-libtesseract --enable-libtheora --enable-libtwolame --enable-libvidstab --enable-libvmaf --enable-libvorbis --enable-libv4l2 --enable-libvpx --enable-libwebp --enable-libxml2 --enable-libzimg --enable-libzmq --enable-libzvbi --enable-lto --enable-libmfx --enable-vaapi --enable-vdpau --enable-openal --enable-opencl --enable-opengl --enable-pthreads --enable-vapoursynth --enable-muxers --enable-demuxers --enable-hwaccels --disable-encoders --disable-decoders --disable-decoder='mpeg4,h263,h264,hevc,vc1' --enable-encoder=',libfdk_aac,ac3,apng,ass,ayuv,bmp,ffv1,ffvhuff,flac,gif,h263_v4l2m2m,h264_amf,h264_nvenc,h264_qsv,h264_v4l2m2m,h264_vaapi,hevc_amf,hevc_nvenc,hevc_qsv,hevc_v4l2m2m,hevc_vaapi,huffyuv,ilbc,jpegls,jpeg2000,libaom,libaom_av1,libcodec2,libgsm,libilbc,libmp3lame,libopenh264,libopenjpeg,libopus,librav1e,libschroedinger,libspeex,libsvtav1,libtheora,libtwolame,libvorbis,libvpx_vp8,libvpx_vp9,libwebp,libwebp_anim,mjpeg,mjpeg_qsv,mjpeg_vaapi,mp2,mp2fixed,mpeg1video,mpeg2video,mpeg2_qsv,mpeg2_vaapi,mpeg4_v4l2m2m,opus,pam,pbm,pcm_alaw,pcm_f32be,pcm_f32le,pcm_f64be,pcm_f64le,pcm_mulaw,pcm_s16be,pcm_s16be_planar,pcm_s16le,pcm_s16le_planar,pcm_s24be,pcm_s24le,pcm_s24le_planar,pcm_s32be,pcm_s32le,pcm_s32le_planar,pcm_s8,pcm_s8_planar,pcm_u16be,pcm_u16le,pcm_u24be,pcm_u24le,pcm_u32be,pcm_u32le,pcm_u8,pcx,pgm,pgmyuv,png,ppm,rawvideo,sgi,srt,ssa,sunrast,targa,text,tiff,v210,v308,v408,v410,vc1_qsv,vc1_v4l2m2m,vorbis,vp8_qsv,vp8_v4l2m2m,vp8_vaapi,vp9_qsv,vp9_vaapi,webvtt,wrapped_avframe,xbm,xwd,y41p,yuv4,zlib,' --enable-decoder=',libfdk_aac,ac3,ansi,apng,ass,av1_qsv,ayuv,bmp,dirac,exr,ffv1,ffvhuff,ffwavesynth,flac,gif,gsm,huffyuv,ilbc,jpeg2000,libaom,libaom_av1,libcodec2,libdav1d,libgsm,libilbc,libopenh264,libopenjpeg,libopus,libschroedinger,libspeex,libvorbis,libvpx_vp8,libvpx_vp9,mjpeg,mjpeg_qsv,mp1,mp1float,mp2,mp2float,mp3,mp3float,mpeg1video,mpeg1_v4l2m2m,mpeg2video,mpeg2_qsv,mpeg2_v4l2m2m,opus,pam,pbm,pcm_alaw,pcm_bluray,pcm_dvd,pcm_f32be,pcm_f32le,pcm_f64be,pcm_f64le,pcm_mulaw,pcm_s16be,pcm_s16be_planar,pcm_s16le,pcm_s16le_planar,pcm_s24be,pcm_s24le,pcm_s24le_planar,pcm_s32be,pcm_s32le,pcm_s32le_planar,pcm_s8,pcm_s8_planar,pcm_u16be,pcm_u16le,pcm_u24be,pcm_u24le,pcm_u32be,pcm_u32le,pcm_u8,pcx,pgm,pgmyuv,pgssub,pgx,png,ppm,rawvideo,sgi,srt,ssa,sunrast,targa,text,theora,tiff,v210,v210x,v308,v408,v410,vorbis,vp3,vp5,vp6,vp6a,vp6f,vp8,vp8_qsv,vp8_v4l2m2m,vp9,vp9_qsv,vp9_v4l2m2m,webp,webvtt,wrapped_avframe,xbm,xwd,y41p,yuv4,zlib,'
  libavutil      57. 17.100 / 57. 17.100
  libavcodec     59. 18.100 / 59. 18.100
  libavformat    59. 16.100 / 59. 16.100
  libavdevice    59.  4.100 / 59.  4.100
  libavfilter     8. 24.100 /  8. 24.100
  libswscale      6.  4.100 /  6.  4.100
  libswresample   4.  3.100 /  4.  3.100
  libpostproc    56.  3.100 / 56.  3.100
Input #0, image2, from '*.jpg':
  Duration: 00:13:51.96, start: 0.000000, bitrate: N/A
  Stream #0:0: Video: mjpeg (Baseline), yuvj420p(pc, bt470bg/unknown/unknown), 3264x2448 [SAR 1:1 DAR 4:3], 25 fps, 25 tbr, 25 tbn
Stream mapping:
  Stream #0:0 -> #0:0 (mjpeg (native) -> vp9 (libvpx-vp9))
Press [q] to stop, [?] for help
[swscaler @ 0x5585687022c0] [swscaler @ 0x558568710900] deprecated pixel format used, make sure you did set range correctly
[swscaler @ 0x5585687022c0] [swscaler @ 0x55856891d580] deprecated pixel format used, make sure you did set range correctly
[swscaler @ 0x5585687022c0] [swscaler @ 0x55856898ec40] deprecated pixel format used, make sure you did set range correctly
[swscaler @ 0x5585687022c0] [swscaler @ 0x5585689fdcc0] deprecated pixel format used, make sure you did set range correctly
[swscaler @ 0x5585687022c0] [swscaler @ 0x558568a6cd40] deprecated pixel format used, make sure you did set range correctly
[swscaler @ 0x5585687022c0] [swscaler @ 0x558568adbdc0] deprecated pixel format used, make sure you did set range correctly
[swscaler @ 0x5585687022c0] [swscaler @ 0x558568b4ae40] deprecated pixel format used, make sure you did set range correctly
[swscaler @ 0x5585687022c0] [swscaler @ 0x558568bb9ec0] deprecated pixel format used, make sure you did set range correctly
[swscaler @ 0x5585687022c0] [swscaler @ 0x558568c28f40] deprecated pixel format used, make sure you did set range correctly
[libvpx-vp9 @ 0x5585686b6f40] v1.11.0
[libvpx-vp9 @ 0x5585686b6f40] Neither bitrate nor constrained quality specified, using default CRF of 32
Output #0, matroska, to '../timelapse-2022-10-24-120.mkv':
  Metadata:
    encoder         : Lavf59.16.100
  Stream #0:0: Video: vp9 (VP90 / 0x30395056), yuv420p(tv, bt470bg/unknown/unknown, progressive), 3264x2448 [SAR 1:1 DAR 4:3], q=2-31, 120 fps, 1k tbn
    Metadata:
      encoder         : Lavc59.18.100 libvpx-vp9
    Side data:
      cpb: bitrate max/min/avg: 0/0/0 buffer size: 0 vbv_delay: N/A
frame=20799 fps=0.6 q=0.0 Lsize= 3655170kB time=00:02:53.31 bitrate=172764.2kbits/s speed=0.00522x    
video:3654990kB audio:0kB subtitle:0kB other streams:0kB global headers:0kB muxing overhead: 0.004917%

real	553m31.577s
user	3258m25.960s
sys	3m7.737s
Thu Oct 27 06:35:02 AM EDT 2022
[kushal@fedora oc]$ 

